// Jest Snapshot v1, https://goo.gl/fbAQLP

exports[`PhoneNumberInput has no props renders like it did last summer 1`] = `<numberInput />`;

exports[`numberInput has no props renders like it did last summer 1`] = `<numberInput />`;
